src/components/reports/CurrentStockInMultipleUnitReport.tsx(192,66): error TS2488: Type '{ value: any; label: any; }[] | undefined' must have a '[Symbol.iterator]()' method that returns an iterator.
src/components/reports/InventoryCurrentStockReport.tsx(189,66): error TS2488: Type '{ value: any; label: any; }[] | undefined' must have a '[Symbol.iterator]()' method that returns an iterator.
src/components/reports/MovingNonMovingStockReport.tsx(225,66): error TS2488: Type '{ value: any; label: any; }[] | undefined' must have a '[Symbol.iterator]()' method that returns an iterator.
src/components/reports/PurchasePaymentsReport.tsx(180,53): error TS2322: Type 'string | undefined' is not assignable to type 'string'.
  Type 'undefined' is not assignable to type 'string'.
src/components/reports/PurchasePaymentsReport.tsx(181,53): error TS2322: Type '((e: any) => void) | ((e: any) => void) | undefined' is not assignable to type '(value: string) => void'.
  Type 'undefined' is not assignable to type '(value: string) => void'.
src/components/reports/PurchasePaymentsReport.tsx(182,66): error TS2488: Type '{ value: any; label: any; }[] | undefined' must have a '[Symbol.iterator]()' method that returns an iterator.
src/components/reports/PurchaseReturnsReport.tsx(180,53): error TS2322: Type 'string | undefined' is not assignable to type 'string'.
  Type 'undefined' is not assignable to type 'string'.
src/components/reports/PurchaseReturnsReport.tsx(181,53): error TS2322: Type '((e: any) => void) | ((e: any) => void) | undefined' is not assignable to type '(value: string) => void'.
  Type 'undefined' is not assignable to type '(value: string) => void'.
src/components/reports/PurchaseReturnsReport.tsx(182,66): error TS2488: Type '{ value: any; label: any; }[] | undefined' must have a '[Symbol.iterator]()' method that returns an iterator.
src/components/reports/PurchasesOnDateReport.tsx(179,66): error TS2488: Type '{ value: any; label: any; }[] | undefined' must have a '[Symbol.iterator]()' method that returns an iterator.
src/components/reports/SalesReport.tsx(243,53): error TS2322: Type 'string | undefined' is not assignable to type 'string'.
  Type 'undefined' is not assignable to type 'string'.
src/components/reports/SalesReport.tsx(244,53): error TS2322: Type '((e: any) => void) | ((e: any) => void) | undefined' is not assignable to type '(value: string) => void'.
  Type 'undefined' is not assignable to type '(value: string) => void'.
src/components/reports/SalesReport.tsx(245,66): error TS2488: Type '{ value: any; label: any; }[] | undefined' must have a '[Symbol.iterator]()' method that returns an iterator.
src/components/reports/StockOnDateReport.tsx(186,66): error TS2488: Type '{ value: any; label: any; }[] | undefined' must have a '[Symbol.iterator]()' method that returns an iterator.
src/components/ui/Pagination.tsx(2,25): error TS2307: Cannot find module '/AppDropdown' or its corresponding type declarations.
src/components/ui/Pagination.tsx(35,16): error TS7006: Parameter 'v' implicitly has an 'any' type.
src/components/ui/Pagination.tsx(35,22): error TS2552: Cannot find name 'setItemsPerPage'. Did you mean 'itemsPerPage'?
src/pages/accounting/JournalEntries.tsx(280,22): error TS2304: Cannot find name 'setLine'.
src/pages/accounting/JournalEntries.tsx(280,30): error TS7006: Parameter 'prev' implicitly has an 'any' type.
src/pages/customers/CreditLimitsTerms.tsx(198,38): error TS2345: Argument of type 'string' is not assignable to parameter of type 'SetStateAction<"all" | "allowed" | "blocked">'.
src/pages/inventory/StockAdjustmentModal.tsx(128,58): error TS2741: Property 'onChange' is missing in type '{ value: any; options: any[]; placeholder: string; searchable: true; }' but required in type 'AppDropdownProps'.
src/pages/items/ItemForm.tsx(680,50): error TS2741: Property 'onChange' is missing in type '{ value: any; options: { value: string; label: string; }[]; placeholder: string; }' but required in type 'AppDropdownProps'.
src/pages/items/PrintBarcodes.tsx(201,34): error TS2345: Argument of type 'string' is not assignable to parameter of type 'SetStateAction<"" | "category" | "itemGroup" | "brand">'.
src/pages/POS.tsx(1379,22): error TS2304: Cannot find name 'setItem'.
src/pages/POS.tsx(1379,30): error TS7006: Parameter 'prev' implicitly has an 'any' type.
src/pages/pos/POSHotkeysShortcuts.tsx(349,22): error TS2552: Cannot find name 'setPickedUnit'. Did you mean 'pickedUnit'?
src/pages/pos/ReceiptPrintingSettings.tsx(294,30): error TS2345: Argument of type '(prev: ReceiptSettings) => { invoiceTemplate: string; defaultPrinter: string; knownPrinters: string[]; paperWidth: PaperWidth; autoShowPreview: boolean; ... 14 more ...; fontSizeTitle: number; }' is not assignable to parameter of type 'SetStateAction<ReceiptSettings>'.
  Type '(prev: ReceiptSettings) => { invoiceTemplate: string; defaultPrinter: string; knownPrinters: string[]; paperWidth: PaperWidth; autoShowPreview: boolean; ... 14 more ...; fontSizeTitle: number; }' is not assignable to type '(prevState: ReceiptSettings) => ReceiptSettings'.
    Call signature return types '{ invoiceTemplate: string; defaultPrinter: string; knownPrinters: string[]; paperWidth: PaperWidth; autoShowPreview: boolean; autoPrintOnComplete: boolean; printCopies: number; ... 12 more ...; fontSizeTitle: number; }' and 'ReceiptSettings' are incompatible.
      The types of 'invoiceTemplate' are incompatible between these types.
        Type 'string' is not assignable to type 'InvoiceTemplate'.
src/pages/pos/ReceiptPrintingSettings.tsx(303,30): error TS2345: Argument of type '(prev: ReceiptSettings) => { paperWidth: string; defaultPrinter: string; knownPrinters: string[]; invoiceTemplate: InvoiceTemplate; autoShowPreview: boolean; ... 14 more ...; fontSizeTitle: number; }' is not assignable to parameter of type 'SetStateAction<ReceiptSettings>'.
  Type '(prev: ReceiptSettings) => { paperWidth: string; defaultPrinter: string; knownPrinters: string[]; invoiceTemplate: InvoiceTemplate; autoShowPreview: boolean; ... 14 more ...; fontSizeTitle: number; }' is not assignable to type '(prevState: ReceiptSettings) => ReceiptSettings'.
    Call signature return types '{ paperWidth: string; defaultPrinter: string; knownPrinters: string[]; invoiceTemplate: InvoiceTemplate; autoShowPreview: boolean; autoPrintOnComplete: boolean; printCopies: number; ... 12 more ...; fontSizeTitle: number; }' and 'ReceiptSettings' are incompatible.
      The types of 'paperWidth' are incompatible between these types.
        Type 'string' is not assignable to type 'PaperWidth'.
src/pages/purchases/PurchaseControl.tsx(128,25): error TS2322: Type 'number' is not assignable to type 'string'.
src/pages/purchases/PurchaseControl.tsx(129,38): error TS2345: Argument of type 'string' is not assignable to parameter of type 'SetStateAction<number>'.
src/pages/sales/cash/SalesCashRuns.tsx(157,22): error TS2304: Cannot find name 'setBag'.
src/pages/sales/cash/SalesCashRuns.tsx(157,29): error TS7006: Parameter 'prev' implicitly has an 'any' type.
src/pages/sales/SalesInvoiceForm.tsx(217,142): error TS2362: The left-hand side of an arithmetic operation must be of type 'any', 'number', 'bigint' or an enum type.
src/pages/sales/SalesInvoiceForm.tsx(217,174): error TS2363: The right-hand side of an arithmetic operation must be of type 'any', 'number', 'bigint' or an enum type.
src/pages/sales/SalesOrderForm.tsx(194,148): error TS2362: The left-hand side of an arithmetic operation must be of type 'any', 'number', 'bigint' or an enum type.
src/pages/sales/SalesOrderForm.tsx(194,180): error TS2363: The right-hand side of an arithmetic operation must be of type 'any', 'number', 'bigint' or an enum type.
src/pages/sales/SalesPayments.tsx(82,31): error TS2345: Argument of type 'string' is not assignable to parameter of type 'SetStateAction<"all" | "open" | "closed">'.
src/pages/sales/SalesQuotationForm.tsx(142,148): error TS2362: The left-hand side of an arithmetic operation must be of type 'any', 'number', 'bigint' or an enum type.
src/pages/sales/SalesQuotationForm.tsx(142,180): error TS2363: The right-hand side of an arithmetic operation must be of type 'any', 'number', 'bigint' or an enum type.
src/pages/sales/TopSellingItems.tsx(105,37): error TS2345: Argument of type '(prev: { startDate: string; endDate: string; search: string; sortBy: SortBy; limit: number; }) => { sortBy: string; startDate: string; endDate: string; search: string; limit: number; }' is not assignable to parameter of type 'SetStateAction<{ startDate: string; endDate: string; search: string; sortBy: SortBy; limit: number; }>'.
  Type '(prev: { startDate: string; endDate: string; search: string; sortBy: SortBy; limit: number; }) => { sortBy: string; startDate: string; endDate: string; search: string; limit: number; }' is not assignable to type '(prevState: { startDate: string; endDate: string; search: string; sortBy: SortBy; limit: number; }) => { startDate: string; endDate: string; search: string; sortBy: SortBy; limit: number; }'.
    Call signature return types '{ sortBy: string; startDate: string; endDate: string; search: string; limit: number; }' and '{ startDate: string; endDate: string; search: string; sortBy: SortBy; limit: number; }' are incompatible.
      The types of 'sortBy' are incompatible between these types.
        Type 'string' is not assignable to type 'SortBy'.
src/pages/sales/TopSellingItems.tsx(111,25): error TS2322: Type 'number' is not assignable to type 'string'.
src/pages/sales/TopSellingItems.tsx(112,37): error TS2345: Argument of type '(prev: { startDate: string; endDate: string; search: string; sortBy: SortBy; limit: number; }) => { limit: string; startDate: string; endDate: string; search: string; sortBy: SortBy; }' is not assignable to parameter of type 'SetStateAction<{ startDate: string; endDate: string; search: string; sortBy: SortBy; limit: number; }>'.
  Type '(prev: { startDate: string; endDate: string; search: string; sortBy: SortBy; limit: number; }) => { limit: string; startDate: string; endDate: string; search: string; sortBy: SortBy; }' is not assignable to type '(prevState: { startDate: string; endDate: string; search: string; sortBy: SortBy; limit: number; }) => { startDate: string; endDate: string; search: string; sortBy: SortBy; limit: number; }'.
    Call signature return types '{ limit: string; startDate: string; endDate: string; search: string; sortBy: SortBy; }' and '{ startDate: string; endDate: string; search: string; sortBy: SortBy; limit: number; }' are incompatible.
      The types of 'limit' are incompatible between these types.
        Type 'string' is not assignable to type 'number'.
src/pages/SetupWizard.tsx(410,34): error TS2345: Argument of type '(prev: { timezone: string; dateFormat: string; timeFormat: "12H" | "24H"; language: string; taxLabel: string; defaultTaxRate: number; }) => { timeFormat: string; timezone: string; dateFormat: string; language: string; taxLabel: string; defaultTaxRate: number; }' is not assignable to parameter of type 'SetStateAction<{ timezone: string; dateFormat: string; timeFormat: "12H" | "24H"; language: string; taxLabel: string; defaultTaxRate: number; }>'.
  Type '(prev: { timezone: string; dateFormat: string; timeFormat: "12H" | "24H"; language: string; taxLabel: string; defaultTaxRate: number; }) => { timeFormat: string; timezone: string; dateFormat: string; language: string; taxLabel: string; defaultTaxRate: number; }' is not assignable to type '(prevState: { timezone: string; dateFormat: string; timeFormat: "12H" | "24H"; language: string; taxLabel: string; defaultTaxRate: number; }) => { timezone: string; dateFormat: string; timeFormat: "12H" | "24H"; language: string; taxLabel: string; defaultTaxRate: number; }'.
    Call signature return types '{ timeFormat: string; timezone: string; dateFormat: string; language: string; taxLabel: string; defaultTaxRate: number; }' and '{ timezone: string; dateFormat: string; timeFormat: "12H" | "24H"; language: string; taxLabel: string; defaultTaxRate: number; }' are incompatible.
      The types of 'timeFormat' are incompatible between these types.
        Type 'string' is not assignable to type '"12H" | "24H"'.
src/pages/SetupWizard.tsx(518,66): error TS2741: Property 'onChange' is missing in type '{ value: string; options: { value: any; label: string; }[]; placeholder: string; searchable: true; }' but required in type 'AppDropdownProps'.
src/pages/super-admin/SuperAdminBroadcasts.tsx(157,31): error TS2345: Argument of type 'string' is not assignable to parameter of type 'SetStateAction<"warning" | "info" | "critical">'.
src/pages/super-admin/SuperAdminCompanyProfile.tsx(307,35): error TS2345: Argument of type '(prev: { plan: TenantPlan; monthlyRevenue: string; failedPayments: string; nextBillingDate: string; }) => { plan: string; monthlyRevenue: string; failedPayments: string; nextBillingDate: string; }' is not assignable to parameter of type 'SetStateAction<{ plan: TenantPlan; monthlyRevenue: string; failedPayments: string; nextBillingDate: string; }>'.
  Type '(prev: { plan: TenantPlan; monthlyRevenue: string; failedPayments: string; nextBillingDate: string; }) => { plan: string; monthlyRevenue: string; failedPayments: string; nextBillingDate: string; }' is not assignable to type '(prevState: { plan: TenantPlan; monthlyRevenue: string; failedPayments: string; nextBillingDate: string; }) => { plan: TenantPlan; monthlyRevenue: string; failedPayments: string; nextBillingDate: string; }'.
    Call signature return types '{ plan: string; monthlyRevenue: string; failedPayments: string; nextBillingDate: string; }' and '{ plan: TenantPlan; monthlyRevenue: string; failedPayments: string; nextBillingDate: string; }' are incompatible.
      The types of 'plan' are incompatible between these types.
        Type 'string' is not assignable to type 'TenantPlan'.
src/pages/super-admin/SuperAdminCompanyProfile.tsx(450,36): error TS2345: Argument of type 'string' is not assignable to parameter of type 'SetStateAction<UserFilter>'.
src/pages/super-admin/SuperAdminCompanyProfile.tsx(524,38): error TS2345: Argument of type '(prev: { title: string; message: string; level: "warning" | "info" | "critical"; }) => { level: string; title: string; message: string; }' is not assignable to parameter of type 'SetStateAction<{ title: string; message: string; level: "warning" | "info" | "critical"; }>'.
  Type '(prev: { title: string; message: string; level: "warning" | "info" | "critical"; }) => { level: string; title: string; message: string; }' is not assignable to type '(prevState: { title: string; message: string; level: "warning" | "info" | "critical"; }) => { title: string; message: string; level: "warning" | "info" | "critical"; }'.
    Call signature return types '{ level: string; title: string; message: string; }' and '{ title: string; message: string; level: "warning" | "info" | "critical"; }' are incompatible.
      The types of 'level' are incompatible between these types.
        Type 'string' is not assignable to type '"warning" | "info" | "critical"'.
src/pages/super-admin/SuperAdminModules.tsx(51,22): error TS2552: Cannot find name 'setTenantParam'. Did you mean 'tenantParam'?
src/pages/super-admin/SuperAdminPanel.tsx(435,40): error TS2345: Argument of type 'string' is not assignable to parameter of type 'SetStateAction<"warning" | "info" | "critical">'.
